Connected to Dynamips VM "R1" (ID 1, type c7200) - Console port
Press ENTER to get the prompt.
: %LINK-3-UPDOWN: Interface FastEthernet0/0, changed state to up
*Jul 30 20:58:00.319: %LINK-3-UPDOWN: Interface FastEthernet1/0, changed state to up
*Jul 30 20:58:00.631: %LINEPROTO-5-UPDOWN: Line protocol on Interface Loopback0, changed state to up
*Jul 30 20:58:01.163: %SYS-5-CONFIG_I: Configured from memory by console
*Jul 30 20:58:01.419: %LINEPROTO-5-UPDOWN: Line protocol on Interface FastEthernet0/0, changed state to up
*Jul 30 20:58:01.423: %LINEPROTO-5-UPDOWN: Line protocol on Interface FastEthernet1/0, changed state to down
*Jul 30 20:58:01.567: %SYS-5-RESTART: System restarted --
Cisco IOS Software, 7200 Software (C7200-ADVIPSERVICESK9-M), Version 15.2(4)S5, RELEASE SOFTWARE (fc1)
Technical Support: http://www.cisco.com/techsupport
Copyright (c) 1986-2014 by Cisco Systems, Inc.
Compiled Thu 20-Feb-14 06:51 by prod_rel_team
*Jul 30 20:58:02.947: %LINK-5-CHANGED: Interface FastEthernet1/0, changed state to administratively down
*Jul 30 20:58:20.611: %SYS-3-CPUHOG: Task is running for (2004)msecs, more than (2000)msecs (0/0),process = Crypto CA.
-Traceback= 0x6317B0E0z 
*Jul 30 20:59:56.883: %BGP-5-NBR_RESET: Neighbor 10.1.2.2 active reset (BGP Notification sent)
*Jul 30 20:59:56.887: %BGP-5-ADJCHANGE: neighbor 10.1.2.2 Up 
R1>
R1>en
R1#sh ip route
Codes: L - local, C - connected, S - static, R - RIP, M - mobile, B - BGP
       D - EIGRP, EX - EIGRP external, O - OSPF, IA - OSPF inter area 
       N1 - OSPF NSSA external type 1, N2 - OSPF NSSA external type 2
       E1 - OSPF external type 1, E2 - OSPF external type 2
       i - IS-IS, su - IS-IS summary, L1 - IS-IS level-1, L2 - IS-IS level-2
       ia - IS-IS inter area, * - candidate default, U - per-user static route
       o - ODR, P - periodic downloaded static route, H - NHRP, l - LISP
       + - replicated route, % - next hop override

Gateway of last resort is not set

      1.0.0.0/32 is subnetted, 1 subnets
C        1.1.1.1 is directly connected, Loopback0
      10.0.0.0/8 is variably subnetted, 2 subnets, 2 masks
C        10.1.2.0/30 is directly connected, FastEthernet0/0
L        10.1.2.1/32 is directly connected, FastEthernet0/0
      20.0.0.0/32 is subnetted, 1 subnets
B        20.20.20.20 [20/0] via 10.1.2.2, 00:00:03
R1#
R1#
R1#

































R1 con0 is now available





Press RETURN to get started.




R1>en
R1#
R1#
R1#sh run 
Building configuration...

Current configuration : 838 bytes
!
version 15.2
service timestamps debug datetime msec
service timestamps log datetime msec
!
hostname R1
!
boot-start-marker
boot-end-marker
!
!
!
no aaa new-model
ip cef
!
!
!
!
!
!
no ipv6 cef
!         
!
multilink bundle-name authenticated
!
!
!
!
!
!
!
!
!
! 
!
!
!
!
!
!
!
!
!
!
!         
interface Loopback0
 ip address 1.1.1.1 255.255.255.255
!
interface FastEthernet0/0
 ip address 10.1.2.1 255.255.255.252
 duplex full
!
interface FastEthernet1/0
 no ip address
 shutdown
 duplex full
!
router bgp 1
 bgp log-neighbor-changes
 neighbor 10.1.2.2 remote-as 100
 !
 address-family ipv4
  network 1.1.1.1 mask 255.255.255.255
  neighbor 10.1.2.2 activate
 exit-address-family
!
ip forward-protocol nd
!         
!
no ip http server
no ip http secure-server
!
!
!
!
control-plane
!
!
line con 0
 stopbits 1
line aux 0
 stopbits 1
line vty 0 4
 login
!
!
end

R1#
R1#
R1#
R1#conf t
Enter configuration commands, one per line.  End with CNTL/Z.
R1(config)#no router bgp 1
R1(config)#
*Jul 30 21:19:40.363: %BGP-5-ADJCHANGE: neighbor 10.1.2.2 Down Neighbor deleted
*Jul 30 21:19:40.363: %BGP_SESSION-5-ADJCHANGE: neighbor 10.1.2.2 IPv4 Unicast topology base removed from session  Neighbor deleted
R1(config)#
R1(config)#
R1(config)#
R1(config)#
R1(config)#
R1(config)# 
R1#
*Jul 30 21:25:38.803: %SYS-5-CONFIG_I: Configured from console by console
R1#
R1#
R1#
R1#
R1#linux
     ^
% Invalid input detected at '^' marker.

R1#
R1#
R1#
R1#conf t
Enter configuration commands, one per line.  End with CNTL/Z.
R1(config)#interface Loopback1117
R1(config-if)#      ip address 1.1.1.7 255.255.255.255
R1(config-if)#     !
R1(config-if)#     interface Loopback1118
R1(config-if)#      ip address 1.1.1.8 255.255.255.255
R1(config-if)#     !
R1(config-if)#     interface Loopback11120
R1(config-if)#      ip address 1.1.1.20 255.255.255.255
R1(config-if)#     !
R1(config-if)#                        
R1(config-if)#
R1(config-if)#
*Jul 30 21:26:36.939: %LINEPROTO-5-UPDOWN: Line protocol on Interface Loopback1117, changed state to up
*Jul 30 21:26:37.367: %LINEPROTO-5-UPDOWN: Line protocol on Interface Loopback1118, changed state to up
*Jul 30 21:26:37.731: %LINEPROTO-5-UPDOWN: Line protocol on Interface Loopback11120, changed state to up
R1(config-if)#
R1(config-if)#
R1(config-if)#ip route 0.0.0.0 0.0.0.0 10.1.2.2
R1(config)#

































R1 con0 is now available





Press RETURN to get started.


