Connected to Dynamips VM "R1" (ID 1, type c7200) - Console port
Press ENTER to get the prompt.
0.20 source lo0
Type escape sequence to abort.
Sending 5, 100-byte ICMP Echos to 20.20.20.20, timeout is 2 seconds:
Packet sent with a source address of 1.1.1.1 
!!!!!
Success rate is 100 percent (5/5), round-trip min/avg/max = 44/52/56 ms
R1#
R1#
R1#tracero
R1#traceroute 20.20.20.20 so lo0
Type escape sequence to abort.
Tracing the route to 20.20.20.20
VRF info: (vrf in name/id, vrf out name/id)
  1 10.1.2.2 44 msec 40 msec 48 msec
  2 20.2.3.2 [MPLS: Labels 303/19006 Exp 0] 48 msec 68 msec 48 msec
  3 20.3.6.2 [MPLS: Labels 603/19006 Exp 0] 52 msec 52 msec 72 msec
  4 20.6.19.2 [MPLS: Label 19006 Exp 0] 76 msec 32 msec 48 msec
  5 10.19.20.2 [AS 100] 52 msec 32 msec * 
R1#

































R1 con0 is now available





Press RETURN to get started.


R1>
R1>en
R1#
R1#
R1#sh ip route
Codes: L - local, C - connected, S - static, R - RIP, M - mobile, B - BGP
       D - EIGRP, EX - EIGRP external, O - OSPF, IA - OSPF inter area 
       N1 - OSPF NSSA external type 1, N2 - OSPF NSSA external type 2
       E1 - OSPF external type 1, E2 - OSPF external type 2
       i - IS-IS, su - IS-IS summary, L1 - IS-IS level-1, L2 - IS-IS level-2
       ia - IS-IS inter area, * - candidate default, U - per-user static route
       o - ODR, P - periodic downloaded static route, H - NHRP, l - LISP
       + - replicated route, % - next hop override

Gateway of last resort is not set

      1.0.0.0/32 is subnetted, 1 subnets
C        1.1.1.1 is directly connected, Loopback0
      10.0.0.0/8 is variably subnetted, 2 subnets, 2 masks
C        10.1.2.0/30 is directly connected, FastEthernet0/0
L        10.1.2.1/32 is directly connected, FastEthernet0/0
R1#
R1#
R1#sh bgp 
BGP table version is 6, local router ID is 1.1.1.1
Status codes: s suppressed, d damped, h history, * valid, > best, i - internal, 
              r RIB-failure, S Stale, m multipath, b backup-path, f RT-Filter, 
              x best-external, a additional-path, c RIB-compressed, 
Origin codes: i - IGP, e - EGP, ? - incomplete
RPKI validation codes: V valid, I invalid, N Not found

     Network          Next Hop            Metric LocPrf Weight Path
 *>  1.1.1.1/32       0.0.0.0                  0         32768 i
R1#
R1#sh bgp sum
R1#sh bgp sum 
BGP router identifier 1.1.1.1, local AS number 1
BGP table version is 6, main routing table version 6
1 network entries using 144 bytes of memory
1 path entries using 80 bytes of memory
1/1 BGP path/bestpath attribute entries using 136 bytes of memory
0 BGP route-map cache entries using 0 bytes of memory
0 BGP filter-list cache entries using 0 bytes of memory
BGP using 360 total bytes of memory
BGP activity 3/2 prefixes, 3/2 paths, scan interval 60 secs

Neighbor        V           AS MsgRcvd MsgSent   TblVer  InQ OutQ Up/Down  State/PfxRcd
10.1.2.2        4          100      36      24        6    0    0 00:18:01        0
R1#
R1#
R1#

































R1 con0 is now available





Press RETURN to get started.








R1>en
R1#
R1#sh ip route
Codes: L - local, C - connected, S - static, R - RIP, M - mobile, B - BGP
       D - EIGRP, EX - EIGRP external, O - OSPF, IA - OSPF inter area 
       N1 - OSPF NSSA external type 1, N2 - OSPF NSSA external type 2
       E1 - OSPF external type 1, E2 - OSPF external type 2
       i - IS-IS, su - IS-IS summary, L1 - IS-IS level-1, L2 - IS-IS level-2
       ia - IS-IS inter area, * - candidate default, U - per-user static route
       o - ODR, P - periodic downloaded static route, H - NHRP, l - LISP
       + - replicated route, % - next hop override

Gateway of last resort is not set

      1.0.0.0/32 is subnetted, 1 subnets
C        1.1.1.1 is directly connected, Loopback0
      10.0.0.0/8 is variably subnetted, 2 subnets, 2 masks
C        10.1.2.0/30 is directly connected, FastEthernet0/0
L        10.1.2.1/32 is directly connected, FastEthernet0/0
R1#
R1#
R1#
R1#
R1#
R1#sh bg
R1#sh bgp sum
R1#sh bgp sum
BGP router identifier 1.1.1.1, local AS number 1
BGP table version is 6, main routing table version 6
1 network entries using 144 bytes of memory
1 path entries using 80 bytes of memory
1/1 BGP path/bestpath attribute entries using 136 bytes of memory
0 BGP route-map cache entries using 0 bytes of memory
0 BGP filter-list cache entries using 0 bytes of memory
BGP using 360 total bytes of memory
BGP activity 3/2 prefixes, 3/2 paths, scan interval 60 secs

Neighbor        V           AS MsgRcvd MsgSent   TblVer  InQ OutQ Up/Down  State/PfxRcd
10.1.2.2        4          100      68      46        6    0    0 00:38:27        0
R1#
R1#
R1#
R1#sh bgp sum
BGP router identifier 1.1.1.1, local AS number 1
BGP table version is 6, main routing table version 6
1 network entries using 144 bytes of memory
1 path entries using 80 bytes of memory
1/1 BGP path/bestpath attribute entries using 136 bytes of memory
0 BGP route-map cache entries using 0 bytes of memory
0 BGP filter-list cache entries using 0 bytes of memory
BGP using 360 total bytes of memory
BGP activity 3/2 prefixes, 3/2 paths, scan interval 60 secs

Neighbor        V           AS MsgRcvd MsgSent   TblVer  InQ OutQ Up/Down  State/PfxRcd
10.1.2.2        4          100      73      50        6    0    0 00:42:04        0
R1#
R1#
R1#sh bgp sum
BGP router identifier 1.1.1.1, local AS number 1
BGP table version is 6, main routing table version 6
1 network entries using 144 bytes of memory
1 path entries using 80 bytes of memory
1/1 BGP path/bestpath attribute entries using 136 bytes of memory
0 BGP route-map cache entries using 0 bytes of memory
0 BGP filter-list cache entries using 0 bytes of memory
BGP using 360 total bytes of memory
BGP activity 3/2 prefixes, 3/2 paths, scan interval 60 secs

Neighbor        V           AS MsgRcvd MsgSent   TblVer  InQ OutQ Up/Down  State/PfxRcd
10.1.2.2        4          100      73      50        6    0    0 00:42:05        0
R1#
R1#sh bgp sum
BGP router identifier 1.1.1.1, local AS number 1
BGP table version is 7, main routing table version 7
2 network entries using 288 bytes of memory
2 path entries using 160 bytes of memory
2/2 BGP path/bestpath attribute entries using 272 bytes of memory
1 BGP AS-PATH entries using 24 bytes of memory
0 BGP route-map cache entries using 0 bytes of memory
0 BGP filter-list cache entries using 0 bytes of memory
BGP using 744 total bytes of memory
BGP activity 4/2 prefixes, 4/2 paths, scan interval 60 secs

Neighbor        V           AS MsgRcvd MsgSent   TblVer  InQ OutQ Up/Down  State/PfxRcd
10.1.2.2        4          100      77      52        7    0    0 00:43:18        1
R1#
R1#
R1#
R1#sh bgp sum
BGP router identifier 1.1.1.1, local AS number 1
BGP table version is 7, main routing table version 7
2 network entries using 288 bytes of memory
2 path entries using 160 bytes of memory
2/2 BGP path/bestpath attribute entries using 272 bytes of memory
1 BGP AS-PATH entries using 24 bytes of memory
0 BGP route-map cache entries using 0 bytes of memory
0 BGP filter-list cache entries using 0 bytes of memory
BGP using 744 total bytes of memory
BGP activity 4/2 prefixes, 4/2 paths, scan interval 60 secs

Neighbor        V           AS MsgRcvd MsgSent   TblVer  InQ OutQ Up/Down  State/PfxRcd
10.1.2.2        4          100      77      52        7    0    0 00:43:22        1
R1#
R1#sh bgp sum
BGP router identifier 1.1.1.1, local AS number 1
BGP table version is 7, main routing table version 7
2 network entries using 288 bytes of memory
2 path entries using 160 bytes of memory
2/2 BGP path/bestpath attribute entries using 272 bytes of memory
1 BGP AS-PATH entries using 24 bytes of memory
0 BGP route-map cache entries using 0 bytes of memory
0 BGP filter-list cache entries using 0 bytes of memory
BGP using 744 total bytes of memory
BGP activity 4/2 prefixes, 4/2 paths, scan interval 60 secs

Neighbor        V           AS MsgRcvd MsgSent   TblVer  InQ OutQ Up/Down  State/PfxRcd
10.1.2.2        4          100      77      52        7    0    0 00:43:36        1
R1#
R1#sh bgp    
BGP table version is 7, local router ID is 1.1.1.1
Status codes: s suppressed, d damped, h history, * valid, > best, i - internal, 
              r RIB-failure, S Stale, m multipath, b backup-path, f RT-Filter, 
              x best-external, a additional-path, c RIB-compressed, 
Origin codes: i - IGP, e - EGP, ? - incomplete
RPKI validation codes: V valid, I invalid, N Not found

     Network          Next Hop            Metric LocPrf Weight Path
 *>  1.1.1.1/32       0.0.0.0                  0         32768 i
 *>  20.20.20.20/32   10.1.2.2                               0 100 100 i
R1#
R1#
R1#
R1#
R1#sh bgp 
BGP table version is 7, local router ID is 1.1.1.1
Status codes: s suppressed, d damped, h history, * valid, > best, i - internal, 
              r RIB-failure, S Stale, m multipath, b backup-path, f RT-Filter, 
              x best-external, a additional-path, c RIB-compressed, 
Origin codes: i - IGP, e - EGP, ? - incomplete
RPKI validation codes: V valid, I invalid, N Not found

     Network          Next Hop            Metric LocPrf Weight Path
 *>  1.1.1.1/32       0.0.0.0                  0         32768 i
 *>  20.20.20.20/32   10.1.2.2                               0 100 100 i
R1#sh bgp 
BGP table version is 7, local router ID is 1.1.1.1
Status codes: s suppressed, d damped, h history, * valid, > best, i - internal, 
              r RIB-failure, S Stale, m multipath, b backup-path, f RT-Filter, 
              x best-external, a additional-path, c RIB-compressed, 
Origin codes: i - IGP, e - EGP, ? - incomplete
RPKI validation codes: V valid, I invalid, N Not found

     Network          Next Hop            Metric LocPrf Weight Path
 *>  1.1.1.1/32       0.0.0.0                  0         32768 i
 *>  20.20.20.20/32   10.1.2.2                               0 100 100 i
R1#sh bgp 
BGP table version is 7, local router ID is 1.1.1.1
Status codes: s suppressed, d damped, h history, * valid, > best, i - internal, 
              r RIB-failure, S Stale, m multipath, b backup-path, f RT-Filter, 
              x best-external, a additional-path, c RIB-compressed, 
Origin codes: i - IGP, e - EGP, ? - incomplete
RPKI validation codes: V valid, I invalid, N Not found

     Network          Next Hop            Metric LocPrf Weight Path
 *>  1.1.1.1/32       0.0.0.0                  0         32768 i
 *>  20.20.20.20/32   10.1.2.2                               0 100 100 i
R1#sh ip route
Codes: L - local, C - connected, S - static, R - RIP, M - mobile, B - BGP
       D - EIGRP, EX - EIGRP external, O - OSPF, IA - OSPF inter area 
       N1 - OSPF NSSA external type 1, N2 - OSPF NSSA external type 2
       E1 - OSPF external type 1, E2 - OSPF external type 2
       i - IS-IS, su - IS-IS summary, L1 - IS-IS level-1, L2 - IS-IS level-2
       ia - IS-IS inter area, * - candidate default, U - per-user static route
       o - ODR, P - periodic downloaded static route, H - NHRP, l - LISP
       + - replicated route, % - next hop override

Gateway of last resort is not set

      1.0.0.0/32 is subnetted, 1 subnets
C        1.1.1.1 is directly connected, Loopback0
      10.0.0.0/8 is variably subnetted, 2 subnets, 2 masks
C        10.1.2.0/30 is directly connected, FastEthernet0/0
L        10.1.2.1/32 is directly connected, FastEthernet0/0
      20.0.0.0/32 is subnetted, 1 subnets
B        20.20.20.20 [20/0] via 10.1.2.2, 00:02:11
R1#
R1#
R1#
R1#sh ip route
Codes: L - local, C - connected, S - static, R - RIP, M - mobile, B - BGP
       D - EIGRP, EX - EIGRP external, O - OSPF, IA - OSPF inter area 
       N1 - OSPF NSSA external type 1, N2 - OSPF NSSA external type 2
       E1 - OSPF external type 1, E2 - OSPF external type 2
       i - IS-IS, su - IS-IS summary, L1 - IS-IS level-1, L2 - IS-IS level-2
       ia - IS-IS inter area, * - candidate default, U - per-user static route
       o - ODR, P - periodic downloaded static route, H - NHRP, l - LISP
       + - replicated route, % - next hop override

Gateway of last resort is not set

      1.0.0.0/32 is subnetted, 1 subnets
C        1.1.1.1 is directly connected, Loopback0
      10.0.0.0/8 is variably subnetted, 2 subnets, 2 masks
C        10.1.2.0/30 is directly connected, FastEthernet0/0
L        10.1.2.1/32 is directly connected, FastEthernet0/0
      20.0.0.0/32 is subnetted, 1 subnets
B        20.20.20.20 [20/0] via 10.1.2.2, 00:02:13
R1#
R1#
R1#sh ip route
Codes: L - local, C - connected, S - static, R - RIP, M - mobile, B - BGP
       D - EIGRP, EX - EIGRP external, O - OSPF, IA - OSPF inter area 
       N1 - OSPF NSSA external type 1, N2 - OSPF NSSA external type 2
       E1 - OSPF external type 1, E2 - OSPF external type 2
       i - IS-IS, su - IS-IS summary, L1 - IS-IS level-1, L2 - IS-IS level-2
       ia - IS-IS inter area, * - candidate default, U - per-user static route
       o - ODR, P - periodic downloaded static route, H - NHRP, l - LISP
       + - replicated route, % - next hop override

Gateway of last resort is not set

      1.0.0.0/32 is subnetted, 1 subnets
C        1.1.1.1 is directly connected, Loopback0
      10.0.0.0/8 is variably subnetted, 2 subnets, 2 masks
C        10.1.2.0/30 is directly connected, FastEthernet0/0
L        10.1.2.1/32 is directly connected, FastEthernet0/0
      20.0.0.0/32 is subnetted, 1 subnets
B        20.20.20.20 [20/0] via 10.1.2.2, 00:02:16
R1#
R1#
R1#sh ip route
Codes: L - local, C - connected, S - static, R - RIP, M - mobile, B - BGP
       D - EIGRP, EX - EIGRP external, O - OSPF, IA - OSPF inter area 
       N1 - OSPF NSSA external type 1, N2 - OSPF NSSA external type 2
       E1 - OSPF external type 1, E2 - OSPF external type 2
       i - IS-IS, su - IS-IS summary, L1 - IS-IS level-1, L2 - IS-IS level-2
       ia - IS-IS inter area, * - candidate default, U - per-user static route
       o - ODR, P - periodic downloaded static route, H - NHRP, l - LISP
       + - replicated route, % - next hop override

Gateway of last resort is not set

      1.0.0.0/32 is subnetted, 1 subnets
C        1.1.1.1 is directly connected, Loopback0
      10.0.0.0/8 is variably subnetted, 2 subnets, 2 masks
C        10.1.2.0/30 is directly connected, FastEthernet0/0
L        10.1.2.1/32 is directly connected, FastEthernet0/0
      20.0.0.0/32 is subnetted, 1 subnets
B        20.20.20.20 [20/0] via 10.1.2.2, 00:02:58
R1#
R1#
R1#
R1#
R1#
R1#
R1#wr
Building configuration...
[OK]
R1#
R1#
R1#terminal length 0
R1#write
Building configuration...
[OK]
R1#quit





























































R1 con0 is now available





Press RETURN to get started.






R1>
R1>enable
R1#terminal length 0
R1#write
Building configuration...
[OK]
R1#quit





























































R1 con0 is now available





Press RETURN to get started.












